Token(type= ITAKDA, lexeme= 'itakda', literal= null, line= 1)
Token(type= IDENTIFIER, lexeme= 'x', literal= null, line= 1)
Token(type= EQUAL, lexeme= '=', literal= null, line= 1)
Token(type= NUMBER, lexeme= '.5', literal= 0.5, line= 1)
Token(type= SEMICOLON, lexeme= ';', literal= null, line= 1)
Token(type= EOF, lexeme= '', literal= null, line= 1)
