Token(type= ITAKDA, lexeme= 'itakda', literal= null, line= 1)
Token(type= IDENTIFIER, lexeme= 'brokenString', literal= null, line= 1)
Token(type= EQUAL, lexeme= '=', literal= null, line= 1)
Token(type= ITAKDA, lexeme= 'itakda', literal= null, line= 2)
Token(type= IDENTIFIER, lexeme= 'okayString', literal= null, line= 2)
Token(type= EQUAL, lexeme= '=', literal= null, line= 2)
Token(type= STRING, lexeme= '"hello"', literal= hello, line= 2)
Token(type= SEMICOLON, lexeme= ';', literal= null, line= 2)
Token(type= EOF, lexeme= '', literal= null, line= 2)
