Token(type= LET, lexeme= 'itakda', literal= null, line= 1)
Token(type= CONST, lexeme= 'tiyak', literal= null, line= 1)
Token(type= FUNC, lexeme= 'gawa', literal= null, line= 1)
Token(type= IF, lexeme= 'kung', literal= null, line= 1)
Token(type= ELSE, lexeme= 'kundi', literal= null, line= 1)
Token(type= WHILE, lexeme= 'habang', literal= null, line= 1)
Token(type= BREAK, lexeme= 'tigil', literal= null, line= 1)
Token(type= CONTINUE, lexeme= 'ituloy', literal= null, line= 1)
Token(type= TRUE, lexeme= 'totoo', literal= null, line= 2)
Token(type= FALSE, lexeme= 'mali', literal= null, line= 2)
Token(type= NONE, lexeme= 'wala', literal= null, line= 2)
Token(type= TYPE, lexeme= 'uri', literal= null, line= 2)
Token(type= IMPORT, lexeme= 'isama', literal= null, line= 2)
Token(type= PRINT, lexeme= 'ipakita', literal= null, line= 2)
Token(type= INPUT, lexeme= 'ipasok', literal= null, line= 2)
Token(type= SWITCH, lexeme= 'piliin', literal= null, line= 2)
Token(type= RETURN, lexeme= 'ibalik', literal= null, line= 2)
Token(type= EOF, lexeme= '', literal= null, line= 3)