Token(type= LPAREN, lexeme= '(', literal= null, line= 1)
Token(type= NUMBER, lexeme= '1', literal= 1, line= 1)
Token(type= PLUS, lexeme= '+', literal= null, line= 1)
Token(type= NUMBER, lexeme= '2', literal= 2, line= 1)
Token(type= RPAREN, lexeme= ')', literal= null, line= 1)
Token(type= EQUAL_EQUAL, lexeme= '==', literal= null, line= 1)
Token(type= NUMBER, lexeme= '3', literal= 3, line= 1)
Token(type= SEMICOLON, lexeme= ';', literal= null, line= 1)
Token(type= STRING, lexeme= '"hello"', literal= hello, line= 2)
Token(type= NOT_EQUAL, lexeme= '!=', literal= null, line= 2)
Token(type= STRING, lexeme= '"world"', literal= world, line= 2)
Token(type= EOF, lexeme= '', literal= null, line= 2)