Token(type= IF, lexeme= 'kung', literal= null, line= 1)
Token(type= LPAREN, lexeme= '(', literal= null, line= 1)
Token(type= IDENTIFIER, lexeme= 'itakdax', literal= null, line= 2)
Token(type= IDENTIFIER, lexeme= 'kungdi', literal= null, line= 3)
Token(type= IDENTIFIER, lexeme= 'kunga', literal= null, line= 4)
Token(type= IDENTIFIER, lexeme= '_kung', literal= null, line= 5)
Token(type= IDENTIFIER, lexeme= 'kung1', literal= null, line= 6)
Token(type= RPAREN, lexeme= ')', literal= null, line= 7)
Token(type= EOF, lexeme= '', literal= null, line= 7)