Token(type= IDENTIFIER, lexeme= 'x', literal= null, line= 1)
Token(type= IDENTIFIER, lexeme= 'edad', literal= null, line= 2)
Token(type= IDENTIFIER, lexeme= '_pangalan', literal= null, line= 3)
Token(type= IDENTIFIER, lexeme= 'bilang1', literal= null, line= 4)
Token(type= IDENTIFIER, lexeme= 'camelCase', literal= null, line= 5)
Token(type= IDENTIFIER, lexeme= 'snake_case', literal= null, line= 6)
Token(type= IDENTIFIER, lexeme= 'ITAKDA', literal= null, line= 7)
Token(type= IDENTIFIER, lexeme= 'Kung', literal= null, line= 8)
Token(type= EOF, lexeme= '', literal= null, line= 7)