Token(type= NUMBER, lexeme= '12', literal= 12, line= 1)
Token(type= NUMBER, lexeme= '13.4', literal= 13.4, line= 2)
Token(type= NUMBER, lexeme= '123.78', literal= 123.78, line= 3)
Token(type= NUMBER, lexeme= '3.14', literal= 3.14, line= 4)
Token(type= NUMBER, lexeme= '0.5', literal= 0.5, line= 5)
Token(type= NUMBER, lexeme= '100.0', literal= 100.0, line= 6)
Token(type= EOF, lexeme= '', literal= null, line= 6)