Token(type= PLUS, lexeme= '+', literal= null, line= 1)
Token(type= MINUS, lexeme= '-', literal= null, line= 1)
Token(type= SLASH, lexeme= '/', literal= null, line= 1)
Token(type= STAR, lexeme= '*', literal= null, line= 1)
Token(type= NOT, lexeme= '!', literal= null, line= 2)
Token(type= EQUAL, lexeme= '=', literal= null, line= 2)
Token(type= LESS, lexeme= '<', literal= null, line= 2)
Token(type= GREATER, lexeme= '>', literal= null, line= 2)
Token(type= NOTEQUAL, lexeme= '!=', literal= null, line= 3)
Token(type= LESSEQUAL, lexeme= '<=', literal= null, line= 3)
Token(type= GREATEREQUAL, lexeme= '>=', literal= null, line= 3)
Token(type= EQUALEQUAL, lexeme= '==', literal= null, line= 3)
Token(type= EOF, lexeme= '', literal= null, line= 3)